com.visa.inappsdk.BuildConfig -> com.visa.inappsdk.BuildConfig:
    boolean DEBUG -> DEBUG
    java.lang.String APPLICATION_ID -> APPLICATION_ID
    java.lang.String BUILD_TYPE -> BUILD_TYPE
    java.lang.String FLAVOR -> FLAVOR
    int VERSION_CODE -> VERSION_CODE
    java.lang.String VERSION_NAME -> VERSION_NAME
com.visa.inappsdk.TestClass -> com.visa.inappsdk.TestClass:
com.visa.inappsdk.common.SDKCardBrandType -> com.visa.inappsdk.common.SDKCardBrandType:
    com.visa.inappsdk.common.SDKCardBrandType SDK_INVALID_CARD_NUMBER -> SDK_INVALID_CARD_NUMBER
    com.visa.inappsdk.common.SDKCardBrandType SDK_INVALID_CARD_CODE -> SDK_INVALID_CARD_CODE
    com.visa.inappsdk.common.SDKCardBrandType SDK_INVALID_CARD_NAME -> SDK_INVALID_CARD_NAME
    com.visa.inappsdk.common.SDKCardBrandType SDK_OTHER -> SDK_OTHER
    com.visa.inappsdk.common.SDKCardBrandType SDK_VISA -> SDK_VISA
    com.visa.inappsdk.common.SDKCardBrandType SDK_MASTER_CARD -> SDK_MASTER_CARD
    com.visa.inappsdk.common.SDKCardBrandType SDK_AMERICAN_EXPRESS -> SDK_AMERICAN_EXPRESS
    com.visa.inappsdk.common.SDKCardBrandType SDK_DISCOVER -> SDK_DISCOVER
    com.visa.inappsdk.common.SDKCardBrandType SDK_DINERS_CLUB -> SDK_DINERS_CLUB
    com.visa.inappsdk.common.SDKCardBrandType SDK_CARTE_BLANCHE -> SDK_CARTE_BLANCHE
    com.visa.inappsdk.common.SDKCardBrandType SDK_JCB -> SDK_JCB
    com.visa.inappsdk.common.SDKCardBrandType SDK_CHINESE_UNIONPAY -> SDK_CHINESE_UNIONPAY
    java.lang.String brandCode -> a
    java.lang.String brandName -> b
    com.visa.inappsdk.common.SDKCardBrandType[] $VALUES -> c
    20:20:com.visa.inappsdk.common.SDKCardBrandType[] values() -> values
    20:20:com.visa.inappsdk.common.SDKCardBrandType valueOf(java.lang.String) -> valueOf
    36:36:java.lang.String getBrandCode() -> getBrandCode
    40:40:java.lang.String getBrandName() -> getBrandName
    49:58:com.visa.inappsdk.common.SDKCardBrandType getCardBrandTypeByCode(java.lang.String) -> getCardBrandTypeByCode
    62:71:com.visa.inappsdk.common.SDKCardBrandType getCardBrandTypeByName(java.lang.String) -> getCardBrandTypeByName
    75:78:java.lang.String naturalize(java.lang.String) -> a
com.visa.inappsdk.common.SDKCore -> com.visa.inappsdk.common.SDKCore:
    android.content.Context context -> a
    java.lang.String deviceID -> b
    36:37:void initialize(android.app.Application) -> initialize
    40:40:android.content.Context getContext() -> getContext
    47:47:java.lang.String getSDKVersion() -> getSDKVersion
    55:58:java.lang.String getAppVersion() -> getAppVersion
    66:66:java.lang.String getDevicePlatform() -> getDevicePlatform
    75:121:java.lang.String getDeviceId() -> getDeviceId
com.visa.inappsdk.common.SDKCurrency -> com.visa.inappsdk.common.SDKCurrency:
    com.visa.inappsdk.common.SDKCurrency CAD -> CAD
    com.visa.inappsdk.common.SDKCurrency EUR -> EUR
    com.visa.inappsdk.common.SDKCurrency GBP -> GBP
    com.visa.inappsdk.common.SDKCurrency USD -> USD
    java.lang.String symbol -> a
    com.visa.inappsdk.common.SDKCurrency[] $VALUES -> b
    17:17:com.visa.inappsdk.common.SDKCurrency[] values() -> values
    17:17:com.visa.inappsdk.common.SDKCurrency valueOf(java.lang.String) -> valueOf
    28:28:java.lang.String symbol() -> symbol
    32:39:java.lang.String[] names() -> names
    43:50:java.lang.String[] symbols() -> symbols
com.visa.inappsdk.common.SDKSettings -> com.visa.inappsdk.common.SDKSettings:
    com.visa.inappsdk.common.SDKSettings instance -> a
    com.visa.inappsdk.common.SDKSettings$Environment environment -> environment
    28:32:com.visa.inappsdk.common.SDKSettings getInstance() -> getInstance
com.visa.inappsdk.common.SDKSettings$Environment -> com.visa.inappsdk.common.SDKSettings$Environment:
    com.visa.inappsdk.common.SDKSettings$Environment ENV_TEST -> ENV_TEST
    com.visa.inappsdk.common.SDKSettings$Environment ENV_PROD -> ENV_PROD
    com.visa.inappsdk.common.SDKSettings$Environment[] $VALUES -> a
    18:18:com.visa.inappsdk.common.SDKSettings$Environment[] values() -> values
    18:18:com.visa.inappsdk.common.SDKSettings$Environment valueOf(java.lang.String) -> valueOf
com.visa.inappsdk.common.error.SDKEncryptError -> com.visa.inappsdk.common.error.SDKEncryptError:
    com.visa.inappsdk.common.error.SDKEncryptError SDK_AUTHORIZATION_INVALID_CREDENTIALS -> SDK_AUTHORIZATION_INVALID_CREDENTIALS
    com.visa.inappsdk.common.error.SDKEncryptError SDK_AUTHORIZATION_ACCESS_DENIED -> SDK_AUTHORIZATION_ACCESS_DENIED
    com.visa.inappsdk.common.error.SDKEncryptError SDK_AUTHORIZATION_LOCKED_OUT -> SDK_AUTHORIZATION_LOCKED_OUT
    com.visa.inappsdk.common.error.SDKEncryptError SDK_AUTHORIZATION_CONNECTION_TIMEOUT -> SDK_AUTHORIZATION_CONNECTION_TIMEOUT
    com.visa.inappsdk.common.error.SDKEncryptError SDK_AUTHORIZATION_DEVICE_NOT_APPROVED -> SDK_AUTHORIZATION_DEVICE_NOT_APPROVED
    com.visa.inappsdk.common.error.SDKEncryptError SDK_AUTHORIZATION_DEVICE_LIMITED_OR_DISABLED -> SDK_AUTHORIZATION_DEVICE_LIMITED_OR_DISABLED
    com.visa.inappsdk.common.error.SDKEncryptError SDK_AUTHORIZATION_SESSION_TIMEOUT -> SDK_AUTHORIZATION_SESSION_TIMEOUT
    com.visa.inappsdk.common.error.SDKEncryptError SDK_AUTHORIZATION_UNKNOWN_HOST -> SDK_AUTHORIZATION_UNKNOWN_HOST
    com.visa.inappsdk.common.error.SDKEncryptError SDK_AUTHORIZATION_OTHER_GENERAL -> SDK_AUTHORIZATION_OTHER_GENERAL
    int errorCode -> a
    java.lang.String errorMessage -> b
    java.lang.String errorExtraMessage -> c
    com.visa.inappsdk.common.error.SDKEncryptError[] $VALUES -> d
    8:8:com.visa.inappsdk.common.error.SDKEncryptError[] values() -> values
    8:8:com.visa.inappsdk.common.error.SDKEncryptError valueOf(java.lang.String) -> valueOf
    30:30:int getErrorCode() -> getErrorCode
    35:35:java.lang.String getErrorMessage() -> getErrorMessage
    40:40:java.lang.String getErrorExtraMessage() -> getErrorExtraMessage
    45:46:void setErrorExtraMessage(java.lang.String) -> setErrorExtraMessage
    50:50:com.visa.inappsdk.common.error.SDKErrorType getErrorType() -> getErrorType
    54:72:com.visa.inappsdk.common.error.SDKEncryptError getAuthorizationErrorByErrorCode(int) -> getAuthorizationErrorByErrorCode
com.visa.inappsdk.common.error.SDKError -> com.visa.inappsdk.common.error.SDKError:
    int getErrorCode() -> getErrorCode
    java.lang.String getErrorMessage() -> getErrorMessage
    java.lang.String getErrorExtraMessage() -> getErrorExtraMessage
    void setErrorExtraMessage(java.lang.String) -> setErrorExtraMessage
    com.visa.inappsdk.common.error.SDKErrorType getErrorType() -> getErrorType
com.visa.inappsdk.common.error.SDKErrorType -> com.visa.inappsdk.common.error.SDKErrorType:
    com.visa.inappsdk.common.error.SDKErrorType SDK_ERROR_TYPE_GATEWAY -> SDK_ERROR_TYPE_GATEWAY
    com.visa.inappsdk.common.error.SDKErrorType SDK_ERROR_TYPE_INTERNAL -> SDK_ERROR_TYPE_INTERNAL
    com.visa.inappsdk.common.error.SDKErrorType SDK_ERROR_TYPE_ENCRYPTION -> SDK_ERROR_TYPE_ENCRYPTION
    com.visa.inappsdk.common.error.SDKErrorType[] $VALUES -> a
    8:8:com.visa.inappsdk.common.error.SDKErrorType[] values() -> values
    8:8:com.visa.inappsdk.common.error.SDKErrorType valueOf(java.lang.String) -> valueOf
com.visa.inappsdk.common.error.SDKGatewayError -> com.visa.inappsdk.common.error.SDKGatewayError:
    com.visa.inappsdk.common.error.SDKGatewayError SDK_GATEWAY_ERROR_MISSING_FIELDS -> SDK_GATEWAY_ERROR_MISSING_FIELDS
    com.visa.inappsdk.common.error.SDKGatewayError SDK_GATEWAY_ERROR_FIELDS_CONTAINS_INVALID_DATA -> SDK_GATEWAY_ERROR_FIELDS_CONTAINS_INVALID_DATA
    com.visa.inappsdk.common.error.SDKGatewayError SDK_GATEWAY_ERROR_ONLY_PARTIAL_APPROVED -> SDK_GATEWAY_ERROR_ONLY_PARTIAL_APPROVED
    com.visa.inappsdk.common.error.SDKGatewayError SDK_GATEWAY_ERROR_GENERAL_SYSTEM_FAILURE -> SDK_GATEWAY_ERROR_GENERAL_SYSTEM_FAILURE
    com.visa.inappsdk.common.error.SDKGatewayError SDK_GATEWAY_ERROR_SERVER_TIMEOUT -> SDK_GATEWAY_ERROR_SERVER_TIMEOUT
    com.visa.inappsdk.common.error.SDKGatewayError SDK_GATEWAY_ERROR_SERVICE_DID_NOT_FINISH -> SDK_GATEWAY_ERROR_SERVICE_DID_NOT_FINISH
    com.visa.inappsdk.common.error.SDKGatewayError SDK_GATEWAY_ERROR_DID_NOT_PASS_AVS -> SDK_GATEWAY_ERROR_DID_NOT_PASS_AVS
    com.visa.inappsdk.common.error.SDKGatewayError SDK_GATEWAY_ERROR_ISSUING_BANK_HAS_QUESTIONS -> SDK_GATEWAY_ERROR_ISSUING_BANK_HAS_QUESTIONS
    com.visa.inappsdk.common.error.SDKGatewayError SDK_GATEWAY_ERROR_EXPIRED_CARD -> SDK_GATEWAY_ERROR_EXPIRED_CARD
    com.visa.inappsdk.common.error.SDKGatewayError SDK_GATEWAY_ERROR_GENERAL_DECLINE -> SDK_GATEWAY_ERROR_GENERAL_DECLINE
    com.visa.inappsdk.common.error.SDKGatewayError SDK_GATEWAY_ERROR_INSUFFICIENT_FUNDS -> SDK_GATEWAY_ERROR_INSUFFICIENT_FUNDS
    com.visa.inappsdk.common.error.SDKGatewayError SDK_GATEWAY_ERROR_STOLEN_OR_LOST_CARD -> SDK_GATEWAY_ERROR_STOLEN_OR_LOST_CARD
    com.visa.inappsdk.common.error.SDKGatewayError SDK_GATEWAY_ERROR_ISSUING_BANK_UNAVAILABLE -> SDK_GATEWAY_ERROR_ISSUING_BANK_UNAVAILABLE
    com.visa.inappsdk.common.error.SDKGatewayError SDK_GATEWAY_ERROR_INACTIVE_CARD -> SDK_GATEWAY_ERROR_INACTIVE_CARD
    com.visa.inappsdk.common.error.SDKGatewayError SDK_GATEWAY_ERROR_CID_DID_NOT_MATCH -> SDK_GATEWAY_ERROR_CID_DID_NOT_MATCH
    com.visa.inappsdk.common.error.SDKGatewayError SDK_GATEWAY_ERROR_CREDIT_LIMIT -> SDK_GATEWAY_ERROR_CREDIT_LIMIT
    com.visa.inappsdk.common.error.SDKGatewayError SDK_GATEWAY_ERROR_INVALID_CVN -> SDK_GATEWAY_ERROR_INVALID_CVN
    com.visa.inappsdk.common.error.SDKGatewayError SDK_GATEWAY_ERROR_NEGATIVE_FILE -> SDK_GATEWAY_ERROR_NEGATIVE_FILE
    com.visa.inappsdk.common.error.SDKGatewayError SDK_GATEWAY_ERROR_DID_NOT_PASS_CVN_CHECK -> SDK_GATEWAY_ERROR_DID_NOT_PASS_CVN_CHECK
    com.visa.inappsdk.common.error.SDKGatewayError SDK_GATEWAY_ERROR_INVALID_ACCOUNT_NUMBER -> SDK_GATEWAY_ERROR_INVALID_ACCOUNT_NUMBER
    com.visa.inappsdk.common.error.SDKGatewayError SDK_GATEWAY_ERROR_CARD_TYPE_NOT_EXPECTED -> SDK_GATEWAY_ERROR_CARD_TYPE_NOT_EXPECTED
    com.visa.inappsdk.common.error.SDKGatewayError SDK_GATEWAY_ERROR_GENERAL_DECLINE_BY_PROCESSOR -> SDK_GATEWAY_ERROR_GENERAL_DECLINE_BY_PROCESSOR
    com.visa.inappsdk.common.error.SDKGatewayError SDK_GATEWAY_ERROR_PROBLEM_WITH_INFORMATION -> SDK_GATEWAY_ERROR_PROBLEM_WITH_INFORMATION
    com.visa.inappsdk.common.error.SDKGatewayError SDK_GATEWAY_ERROR_CAPTURE_AMOUNT_EXCEEDS -> SDK_GATEWAY_ERROR_CAPTURE_AMOUNT_EXCEEDS
    com.visa.inappsdk.common.error.SDKGatewayError SDK_GATEWAY_ERROR_PROCESSOR_FAILURE -> SDK_GATEWAY_ERROR_PROCESSOR_FAILURE
    com.visa.inappsdk.common.error.SDKGatewayError SDK_GATEWAY_ERROR_ALREADY_REVERSED -> SDK_GATEWAY_ERROR_ALREADY_REVERSED
    com.visa.inappsdk.common.error.SDKGatewayError SDK_GATEWAY_ERROR_ALREADY_CAPTURED -> SDK_GATEWAY_ERROR_ALREADY_CAPTURED
    com.visa.inappsdk.common.error.SDKGatewayError SDK_GATEWAY_ERROR_TRANSACTION_AMOUNT_MUST_MATCH_PREVIOUS_AMOUNT -> SDK_GATEWAY_ERROR_TRANSACTION_AMOUNT_MUST_MATCH_PREVIOUS_AMOUNT
    com.visa.inappsdk.common.error.SDKGatewayError SDK_GATEWAY_ERROR_CARD_TYPE_INVALID -> SDK_GATEWAY_ERROR_CARD_TYPE_INVALID
    com.visa.inappsdk.common.error.SDKGatewayError SDK_GATEWAY_ERROR_REQUEST_ID_INVALID -> SDK_GATEWAY_ERROR_REQUEST_ID_INVALID
    com.visa.inappsdk.common.error.SDKGatewayError SDK_GATEWAY_ERROR_NO_CORRESPONDING -> SDK_GATEWAY_ERROR_NO_CORRESPONDING
    com.visa.inappsdk.common.error.SDKGatewayError SDK_GATEWAY_ERROR_TRANSACTION_SETTLED_OR_REVERSED -> SDK_GATEWAY_ERROR_TRANSACTION_SETTLED_OR_REVERSED
    com.visa.inappsdk.common.error.SDKGatewayError SDK_GATEWAY_ERROR_TIMEOUT_AT_PAYMENT_PROCESSOR -> SDK_GATEWAY_ERROR_TIMEOUT_AT_PAYMENT_PROCESSOR
    com.visa.inappsdk.common.error.SDKGatewayError SDK_GATEWAY_ERROR_STAND_ALONE_CREDITS_NOT_ALLOWED -> SDK_GATEWAY_ERROR_STAND_ALONE_CREDITS_NOT_ALLOWED
    com.visa.inappsdk.common.error.SDKGatewayError SDK_GATEWAY_ERROR_INVALID_TOKEN -> SDK_GATEWAY_ERROR_INVALID_TOKEN
    com.visa.inappsdk.common.error.SDKGatewayError SDK_GATEWAY_ERROR_GENERAL -> SDK_GATEWAY_ERROR_GENERAL
    int errorCode -> a
    java.lang.String errorMessage -> b
    java.lang.String errorExtraMessage -> c
    com.visa.inappsdk.common.error.SDKGatewayError[] $VALUES -> d
    8:8:com.visa.inappsdk.common.error.SDKGatewayError[] values() -> values
    8:8:com.visa.inappsdk.common.error.SDKGatewayError valueOf(java.lang.String) -> valueOf
    58:58:int getErrorCode() -> getErrorCode
    63:63:java.lang.String getErrorMessage() -> getErrorMessage
    68:68:java.lang.String getErrorExtraMessage() -> getErrorExtraMessage
    73:74:void setErrorExtraMessage(java.lang.String) -> setErrorExtraMessage
    78:78:com.visa.inappsdk.common.error.SDKErrorType getErrorType() -> getErrorType
    82:154:com.visa.inappsdk.common.error.SDKGatewayError getGatewayErrorByErrorCode(int) -> getGatewayErrorByErrorCode
com.visa.inappsdk.common.error.SDKInternalError -> com.visa.inappsdk.common.error.SDKInternalError:
    com.visa.inappsdk.common.error.SDKInternalError SDK_INTERNAL_ERROR_TRANSACTION_IN_PROGRESS -> SDK_INTERNAL_ERROR_TRANSACTION_IN_PROGRESS
    com.visa.inappsdk.common.error.SDKInternalError SDK_INTERNAL_ERROR_OPERATION_NOT_AVAILABLE -> SDK_INTERNAL_ERROR_OPERATION_NOT_AVAILABLE
    com.visa.inappsdk.common.error.SDKInternalError SDK_INTERNAL_ERROR_NETWORK_CONNECTION -> SDK_INTERNAL_ERROR_NETWORK_CONNECTION
    com.visa.inappsdk.common.error.SDKInternalError SDK_INTERNAL_ERROR_SERVER -> SDK_INTERNAL_ERROR_SERVER
    com.visa.inappsdk.common.error.SDKInternalError SDK_INTERNAL_ERROR_GENERAL_FAILURE -> SDK_INTERNAL_ERROR_GENERAL_FAILURE
    com.visa.inappsdk.common.error.SDKInternalError SDK_INTERNAL_ERROR_RESULTS_NOT_FOUND -> SDK_INTERNAL_ERROR_RESULTS_NOT_FOUND
    com.visa.inappsdk.common.error.SDKInternalError SDK_INTERNAL_ERROR_NO_AUTHENTICATION_CHALLANGES_FOUND -> SDK_INTERNAL_ERROR_NO_AUTHENTICATION_CHALLANGES_FOUND
    int errorCode -> a
    java.lang.String errorMessage -> b
    java.lang.String errorExtraMessage -> c
    com.visa.inappsdk.common.error.SDKInternalError[] $VALUES -> d
    6:6:com.visa.inappsdk.common.error.SDKInternalError[] values() -> values
    6:6:com.visa.inappsdk.common.error.SDKInternalError valueOf(java.lang.String) -> valueOf
    25:25:int getErrorCode() -> getErrorCode
    30:30:java.lang.String getErrorMessage() -> getErrorMessage
    35:35:java.lang.String getErrorExtraMessage() -> getErrorExtraMessage
    40:41:void setErrorExtraMessage(java.lang.String) -> setErrorExtraMessage
    45:45:com.visa.inappsdk.common.error.SDKErrorType getErrorType() -> getErrorType
    49:61:com.visa.inappsdk.common.error.SDKInternalError getInternalErrorByErrorCode(int) -> getInternalErrorByErrorCode
com.visa.inappsdk.common.exceptions.SDKInvalidCardException -> com.visa.inappsdk.common.exceptions.SDKInvalidCardException:
com.visa.inappsdk.common.utils.SDKCardUtils -> com.visa.inappsdk.common.utils.SDKCardUtils:
    24:56:boolean isValid(java.lang.String) -> isValid
    70:88:boolean isValidExpirationDate(java.lang.String,java.lang.String) -> isValidExpirationDate
    98:101:com.visa.inappsdk.common.SDKCardBrandType getBrandByCardNumber(java.lang.String) -> getBrandByCardNumber
    116:138:com.visa.inappsdk.common.SDKCardBrandType checkBrand(java.lang.String) -> a
    158:161:boolean checkIfVisa(int,java.lang.String) -> a
    166:170:boolean checkIfMasterCard(int,java.lang.String) -> b
    175:180:boolean checkIfDiscover(int,java.lang.String) -> c
    185:188:boolean checkIfAmericanExpress(int,java.lang.String) -> d
    193:197:boolean checkIfDinnersClub(int,java.lang.String) -> e
    202:206:boolean checkIfJCB(int,java.lang.String) -> f
    211:214:boolean checkChinaUnionParty(int,java.lang.String) -> g
com.visa.inappsdk.common.utils.SDKUtils -> com.visa.inappsdk.common.utils.SDKUtils:
    98:126:boolean checkIfClassExists(java.lang.String,java.lang.Class) -> checkIfClassExists
    136:140:java.lang.String convertStreamToString(java.io.InputStream) -> convertStreamToString
    144:144:java.lang.String convertTimeInMilisToDate(java.lang.String,java.lang.String) -> convertTimeInMilisToDate
    148:148:java.lang.String convertTimeInMilisToTime(java.lang.String,java.lang.String) -> convertTimeInMilisToTime
    152:175:java.lang.String getTime(java.lang.String,java.lang.String,java.lang.String) -> a
    180:180:java.lang.String convertToLocalTime(java.lang.String) -> convertToLocalTime
    184:184:java.lang.String convertToLocalDate(java.lang.String) -> convertToLocalDate
    188:198:java.lang.String getTime(java.lang.String,java.lang.String) -> a
    203:211:long stringToLong(java.lang.String) -> stringToLong
    219:230:java.util.List getCertificates() -> a
    235:246:javax.net.ssl.HttpsURLConnection getHttpsURLConnection(java.lang.String,java.lang.String,boolean) -> getHttpsURLConnection
    256:324:javax.net.ssl.SSLSocketFactory getSSLSocketFactory() -> getSSLSocketFactory
    402:416:java.lang.String getHexStringFromBytes(byte[]) -> getHexStringFromBytes
    447:458:int compareStringIds(java.lang.String,java.lang.String) -> compareStringIds
    464:474:com.visa.inappsdk.common.SDKCurrency getSDKCurrencyFromString(java.lang.String) -> getSDKCurrencyFromString
    488:489:java.lang.String getGatewayAmountStringFromBigDecimal(java.math.BigDecimal) -> getGatewayAmountStringFromBigDecimal
com.visa.inappsdk.common.utils.SDKUtils$1 -> com.visa.inappsdk.common.utils.SDKUtils$1:
    javax.net.ssl.X509TrustManager val$origTrustmanager -> a
    293:293:java.security.cert.X509Certificate[] getAcceptedIssuers() -> getAcceptedIssuers
    298:301:void checkClientTrusted(java.security.cert.X509Certificate[],java.lang.String) -> checkClientTrusted
    306:309:void checkServerTrusted(java.security.cert.X509Certificate[],java.lang.String) -> checkServerTrusted
com.visa.inappsdk.connectors.inapp.InAppConnectionService -> com.visa.inappsdk.connectors.inapp.InAppConnectionService:
    java.lang.String REASON_CODE_OK -> a
    java.lang.String REASON_CODE_DISCOUNTED_OK -> b
    java.lang.String REASON_CODE_MISSING_FIELD -> c
    java.lang.String REASON_CODE_INVALID_FIELD -> d
    java.lang.String REASON_CODE_PARTIAL -> e
    java.lang.String ACTION_CONNECT -> ACTION_CONNECT
    java.lang.String SERVICE_RESULT_RESPONSE_KEY -> SERVICE_RESULT_RESPONSE_KEY
    java.lang.String SERVICE_RESULT_ERROR_KEY -> SERVICE_RESULT_ERROR_KEY
    int SERVICE_RESULT_CODE_SDK_RESPONSE -> SERVICE_RESULT_CODE_SDK_RESPONSE
    int SERVICE_RESULT_CODE_SDK_ERROR -> SERVICE_RESULT_CODE_SDK_ERROR
    74:81:void startActionConnect(android.content.Context,com.visa.inappsdk.connectors.inapp.envelopes.InAppBaseEnvelope,com.visa.inappsdk.connectors.inapp.receivers.TransactionResultReceiver) -> startActionConnect
    89:103:void onHandleIntent(android.content.Intent) -> onHandleIntent
    110:165:java.lang.Object handleActionConnect(com.visa.inappsdk.connectors.inapp.envelopes.InAppBaseEnvelope) -> a
    169:186:void onPostHandleAction(java.lang.Object,android.os.ResultReceiver) -> onPostHandleAction
com.visa.inappsdk.connectors.inapp.InAppConnectionService$1 -> com.visa.inappsdk.connectors.inapp.InAppConnectionService$1:
    int[] $SwitchMap$com$visa$inappsdk$datamodel$response$SDKGatewayResponseType -> a
com.visa.inappsdk.connectors.inapp.InAppGateway -> com.visa.inappsdk.connectors.inapp.a:
    com.visa.inappsdk.connectors.inapp.InAppGateway gatewayInstance -> c
    boolean transactionInProgress -> d
    java.lang.String messageSignature -> a
    java.lang.String merchantId -> b
    com.visa.inappsdk.datamodel.transaction.callbacks.SDKConnectionCallback connectionCallback -> e
    com.visa.inappsdk.connectors.inapp.receivers.TransactionResultReceiver resultReceiver -> f
    29:29:com.visa.inappsdk.connectors.inapp.InAppGateway getGateway() -> a
    34:47:boolean performEncryption(com.visa.inappsdk.datamodel.transaction.SDKTransactionObject,com.visa.inappsdk.datamodel.transaction.callbacks.SDKConnectionCallback) -> performEncryption
    54:55:void setMessageSignature(java.lang.String) -> a
    58:59:void setMerchantID(java.lang.String) -> b
    63:64:void dispose() -> b
    67:71:void registerResultReceiver() -> c
    75:89:void onReceiveResult(int,android.os.Bundle) -> onReceiveResult
com.visa.inappsdk.connectors.inapp.InAppSDKApiClient -> com.visa.inappsdk.connectors.inapp.InAppSDKApiClient:
    java.lang.String DEFAULT_NAMESPACE -> DEFAULT_NAMESPACE
    java.lang.ref.WeakReference context -> a
    com.visa.inappsdk.connectors.inapp.InAppSDKApiClient$Environment environment -> b
    java.lang.String merchantID -> c
    com.visa.inappsdk.datamodel.transaction.callbacks.SDKConnectionCallback connectionCallback -> d
    42:42:java.lang.ref.WeakReference getContext() -> getContext
    46:46:com.visa.inappsdk.connectors.inapp.InAppSDKApiClient$Environment getEnvironment() -> getEnvironment
    50:52:void setActiveCurrentUrl() -> a
    55:56:void setGatewayMerchantID() -> b
    59:60:void dispose() -> dispose
    63:79:boolean performApi(com.visa.inappsdk.connectors.inapp.InAppSDKApiClient$Api,com.visa.inappsdk.datamodel.transaction.SDKTransactionObject,java.lang.String) -> performApi
com.visa.inappsdk.connectors.inapp.InAppSDKApiClient$1 -> com.visa.inappsdk.connectors.inapp.InAppSDKApiClient$1:
    int[] $SwitchMap$com$visa$inappsdk$connectors$inapp$InAppSDKApiClient$Api -> a
com.visa.inappsdk.connectors.inapp.InAppSDKApiClient$Api -> com.visa.inappsdk.connectors.inapp.InAppSDKApiClient$Api:
    com.visa.inappsdk.connectors.inapp.InAppSDKApiClient$Api API_ENCRYPTION -> API_ENCRYPTION
    com.visa.inappsdk.connectors.inapp.InAppSDKApiClient$Api API_ANDROID_PAY_TRANSACTION -> API_ANDROID_PAY_TRANSACTION
    com.visa.inappsdk.connectors.inapp.InAppSDKApiClient$Api[] $VALUES -> a
    28:28:com.visa.inappsdk.connectors.inapp.InAppSDKApiClient$Api[] values() -> values
    28:28:com.visa.inappsdk.connectors.inapp.InAppSDKApiClient$Api valueOf(java.lang.String) -> valueOf
com.visa.inappsdk.connectors.inapp.InAppSDKApiClient$Builder -> com.visa.inappsdk.connectors.inapp.InAppSDKApiClient$Builder:
    java.lang.ref.WeakReference context -> a
    com.visa.inappsdk.connectors.inapp.InAppSDKApiClient$Environment environment -> b
    java.lang.String merchantID -> c
    com.visa.inappsdk.datamodel.transaction.callbacks.SDKConnectionCallback connectionCallback -> d
    java.lang.String transactionNamespace -> e
    101:102:com.visa.inappsdk.connectors.inapp.InAppSDKApiClient$Builder setTransactionNamespace(java.lang.String) -> setTransactionNamespace
    106:107:com.visa.inappsdk.connectors.inapp.InAppSDKApiClient$Builder setSDKConnectionCallback(com.visa.inappsdk.datamodel.transaction.callbacks.SDKConnectionCallback) -> setSDKConnectionCallback
    111:111:com.visa.inappsdk.connectors.inapp.InAppSDKApiClient build() -> build
    83:83:java.lang.ref.WeakReference access$000(com.visa.inappsdk.connectors.inapp.InAppSDKApiClient$Builder) -> a
    83:83:com.visa.inappsdk.connectors.inapp.InAppSDKApiClient$Environment access$100(com.visa.inappsdk.connectors.inapp.InAppSDKApiClient$Builder) -> b
    83:83:java.lang.String access$200(com.visa.inappsdk.connectors.inapp.InAppSDKApiClient$Builder) -> c
    83:83:com.visa.inappsdk.datamodel.transaction.callbacks.SDKConnectionCallback access$300(com.visa.inappsdk.connectors.inapp.InAppSDKApiClient$Builder) -> d
    83:83:java.lang.String access$400(com.visa.inappsdk.connectors.inapp.InAppSDKApiClient$Builder) -> e
com.visa.inappsdk.connectors.inapp.InAppSDKApiClient$Environment -> com.visa.inappsdk.connectors.inapp.InAppSDKApiClient$Environment:
    com.visa.inappsdk.connectors.inapp.InAppSDKApiClient$Environment ENV_TEST -> ENV_TEST
    com.visa.inappsdk.connectors.inapp.InAppSDKApiClient$Environment ENV_PROD -> ENV_PROD
    com.visa.inappsdk.connectors.inapp.InAppSDKApiClient$Environment[] $VALUES -> a
    22:22:com.visa.inappsdk.connectors.inapp.InAppSDKApiClient$Environment[] values() -> values
    22:22:com.visa.inappsdk.connectors.inapp.InAppSDKApiClient$Environment valueOf(java.lang.String) -> valueOf
com.visa.inappsdk.connectors.inapp.connection.InAppConnectionData -> com.visa.inappsdk.connectors.inapp.connection.InAppConnectionData:
    java.lang.String AUTHORIZATION_TEST_DOMAIN -> AUTHORIZATION_TEST_DOMAIN
    java.lang.String AUTHORIZATION_PROD_DOMAIN -> AUTHORIZATION_PROD_DOMAIN
    java.lang.String PAYMENTS_CURRENT_URL -> PAYMENTS_CURRENT_URL
    java.lang.String PAYMENTS_TEST_URL -> PAYMENTS_TEST_URL
    java.lang.String PAYMENTS_PROD_URL -> PAYMENTS_PROD_URL
    java.lang.String PAYMENTS_TEST_URL_BYZ -> PAYMENTS_TEST_URL_BYZ
    java.lang.String PAYMENTS_TEST_URL_NEW -> PAYMENTS_TEST_URL_NEW
    java.lang.String SEARCH_SERVER_TEST_BASE_URL -> SEARCH_SERVER_TEST_BASE_URL
    java.lang.String SEARCH_SERVER_PROD_BASE_URL -> SEARCH_SERVER_PROD_BASE_URL
    java.lang.String SEARCH_SERVER_TEST_SEARCH_URL -> SEARCH_SERVER_TEST_SEARCH_URL
    java.lang.String SEARCH_SERVER_PROD_SEARCH_URL -> SEARCH_SERVER_PROD_SEARCH_URL
    java.lang.String EMAIL_TEST_RECEIPT_ADDRESS -> EMAIL_TEST_RECEIPT_ADDRESS
    java.lang.String EMAIL_PROD_RECEIPT_ADDRESS -> EMAIL_PROD_RECEIPT_ADDRESS
    java.lang.String SEARCH_SERVER_QUERY -> SEARCH_SERVER_QUERY
com.visa.inappsdk.connectors.inapp.datamodel.InAppBaseModel -> com.visa.inappsdk.connectors.inapp.datamodel.InAppBaseModel:
    void updateEnvelope(com.visa.inappsdk.soap.model.SDKXMLParentNode) -> updateEnvelope
com.visa.inappsdk.connectors.inapp.datamodel.InAppCard -> com.visa.inappsdk.connectors.inapp.datamodel.InAppCard:
    java.lang.String OBJECT_NAME -> OBJECT_NAME
    java.lang.String ACCOUNT_NUMBER -> ACCOUNT_NUMBER
    java.lang.String EXPIRATION_MONTH -> EXPIRATION_MONTH
    java.lang.String EXPIRATION_YEAR -> EXPIRATION_YEAR
    java.lang.String CARD_TYPE -> CARD_TYPE
    java.lang.String CV_NUMBER -> CV_NUMBER
    java.lang.String accountNumber -> accountNumber
    java.lang.String expirationMonth -> expirationMonth
    java.lang.String expirationYear -> expirationYear
    com.visa.inappsdk.common.SDKCardBrandType cardType -> cardType
    java.lang.String cvNumber -> cvNumber
    44:62:void updateEnvelope(com.visa.inappsdk.soap.model.SDKXMLParentNode) -> updateEnvelope
    65:65:boolean validateObject() -> a
    70:70:boolean checkIfCardTypeIsValid() -> b
com.visa.inappsdk.connectors.inapp.datamodel.InAppPurchaseTotals -> com.visa.inappsdk.connectors.inapp.datamodel.InAppPurchaseTotals:
    java.lang.String OBJECT_NAME -> OBJECT_NAME
    java.lang.String CURRENCY -> CURRENCY
    java.lang.String GRAND_TOTAL_AMOUNT -> GRAND_TOTAL_AMOUNT
    java.lang.String currency -> currency
    java.lang.String grandTotalAmount -> grandTotalAmount
    33:42:void updateEnvelope(com.visa.inappsdk.soap.model.SDKXMLParentNode) -> updateEnvelope
    45:45:boolean validateObject() -> a
com.visa.inappsdk.connectors.inapp.envelopes.InAppBaseEnvelope -> com.visa.inappsdk.connectors.inapp.envelopes.InAppBaseEnvelope:
    java.lang.String DEFAULT_CARD_CV_INDICATOR -> DEFAULT_CARD_CV_INDICATOR
    java.lang.String DEFAULT_POS_TERMINAL_ID -> DEFAULT_POS_TERMINAL_ID
    java.lang.String DEFAULT_POS_TERMINAL_CAPABILITY -> DEFAULT_POS_TERMINAL_CAPABILITY
    java.lang.String DEFAULT_SOAP_ACTION -> DEFAULT_SOAP_ACTION
    java.lang.String HEADER_NAMESPACE -> HEADER_NAMESPACE
    java.lang.String HEADER_PREFIX -> HEADER_PREFIX
    java.lang.String HEADER_SECURITY -> HEADER_SECURITY
    java.lang.String HEADER_SECURITY_MUST_UNDERSTAND -> HEADER_SECURITY_MUST_UNDERSTAND
    java.lang.String HEADER_SECURITY_MUST_UNDERSTAND_VALUE -> HEADER_SECURITY_MUST_UNDERSTAND_VALUE
    java.lang.String HEADER_USERNAMETOKEN -> HEADER_USERNAMETOKEN
    java.lang.String HEADER_USERNAME -> HEADER_USERNAME
    java.lang.String HEADER_PASSWORD -> HEADER_PASSWORD
    java.lang.String HEADER_PASSWORD_TYPE -> HEADER_PASSWORD_TYPE
    java.lang.String HEADER_PASSWORD_TYPE_VALUE -> HEADER_PASSWORD_TYPE_VALUE
    java.lang.String HEADER_PASSWORD_TYPE_VALUE_DIGEST -> HEADER_PASSWORD_TYPE_VALUE_DIGEST
    java.lang.String CLIENT_LIBRARY -> CLIENT_LIBRARY
    java.lang.String merchantId -> merchantId
    java.lang.String messageSignature -> messageSignature
    com.visa.inappsdk.connectors.inapp.responses.InAppResponseObject parseResponse(java.io.InputStream) -> parseResponse
    com.visa.inappsdk.datamodel.response.SDKGatewayResponseType getResponseType() -> getResponseType
    67:77:void createEnvelopeHeader(java.lang.String,java.lang.String) -> createEnvelopeHeader
    85:86:com.visa.inappsdk.soap.model.SDKXMLParentNode createRequestMessage() -> createRequestMessage
    96:97:com.visa.inappsdk.soap.model.SDKXMLParentNode createNVPRequestMessage() -> createNVPRequestMessage
    101:101:com.visa.inappsdk.common.error.SDKError parseGatewayError(java.io.InputStream) -> parseGatewayError
com.visa.inappsdk.connectors.inapp.envelopes.InAppEncryptEnvelope -> com.visa.inappsdk.connectors.inapp.envelopes.InAppEncryptEnvelope:
    33:35:void createEnvelopeBody(com.visa.inappsdk.connectors.inapp.transaction.InAppEncryptionTransactionObject) -> a
    40:94:com.visa.inappsdk.connectors.inapp.transaction.InAppEncryptionTransactionObject convertTransactionObject(com.visa.inappsdk.datamodel.transaction.SDKTransactionObject,java.lang.String) -> a
    99:100:void createEnvelopeHeader(java.lang.String,java.lang.String) -> createEnvelopeHeader
    104:104:com.visa.inappsdk.common.error.SDKError parseGatewayError(java.io.InputStream) -> parseGatewayError
    109:109:com.visa.inappsdk.connectors.inapp.responses.InAppResponseObject parseResponse(java.io.InputStream) -> parseResponse
    114:114:com.visa.inappsdk.datamodel.response.SDKGatewayResponseType getResponseType() -> getResponseType
com.visa.inappsdk.connectors.inapp.receivers.TransactionResultReceiver -> com.visa.inappsdk.connectors.inapp.receivers.TransactionResultReceiver:
    com.visa.inappsdk.connectors.inapp.receivers.TransactionResultReceiver$Receiver mReceiver -> a
    24:25:void setReceiver(com.visa.inappsdk.connectors.inapp.receivers.TransactionResultReceiver$Receiver) -> setReceiver
    30:33:void onReceiveResult(int,android.os.Bundle) -> onReceiveResult
com.visa.inappsdk.connectors.inapp.receivers.TransactionResultReceiver$Receiver -> com.visa.inappsdk.connectors.inapp.receivers.TransactionResultReceiver$Receiver:
    void onReceiveResult(int,android.os.Bundle) -> onReceiveResult
com.visa.inappsdk.connectors.inapp.responses.InAppCcAuthReply -> com.visa.inappsdk.connectors.inapp.responses.InAppCcAuthReply:
    java.lang.String accountBalance -> accountBalance
    java.lang.String accountBalanceCurrency -> accountBalanceCurrency
    java.lang.String accountBalanceSign -> accountBalanceSign
    java.lang.String affluenceIndicator -> affluenceIndicator
    java.lang.String amount -> amount
    java.lang.String authorizationCode -> authorizationCode
    java.lang.String authorizedDateTime -> authorizedDateTime
    java.lang.String avsCode -> avsCode
    java.lang.String avsCodeRaw -> avsCodeRaw
    java.lang.String cardCategory -> cardCategory
    java.lang.String cardCommercial -> cardCommercial
    java.lang.String cardGroup -> cardGroup
    java.lang.String cardHealthcare -> cardHealthcare
    java.lang.String cardIssuerCountry -> cardIssuerCountry
    java.lang.String cardLevel3Eligible -> cardLevel3Eligible
    java.lang.String cardPayroll -> cardPayroll
    java.lang.String cardPINlessDebit -> cardPINlessDebit
    java.lang.String cardPrepaid -> cardPrepaid
    java.lang.String cardRegulated -> cardRegulated
    java.lang.String cardSignatureDebit -> cardSignatureDebit
    java.lang.String cavvResponseCode -> cavvResponseCode
    java.lang.String cavvResponseCodeRaw -> cavvResponseCodeRaw
    java.lang.String cvCode -> cvCode
    java.lang.String cvCodeRaw -> cvCodeRaw
    java.lang.String evEmail -> evEmail
    java.lang.String evEmailRaw -> evEmailRaw
    java.lang.String evName -> evName
    java.lang.String evNameRaw -> evNameRaw
    java.lang.String evPhoneNumber -> evPhoneNumber
    java.lang.String evPhoneNumberRaw -> evPhoneNumberRaw
    java.lang.String evPostalCode -> evPostalCode
    java.lang.String evPostalCodeRaw -> evPostalCodeRaw
    java.lang.String evStreet -> evStreet
    java.lang.String evStreetRaw -> evStreetRaw
    java.lang.String forwardCode -> forwardCode
    java.lang.String merchantAdviceCode -> merchantAdviceCode
    java.lang.String merchantAdviceCodeRaw -> merchantAdviceCodeRaw
    java.lang.String ownerMerchantID -> ownerMerchantID
    java.lang.String paymentNetworkTransactionID -> paymentNetworkTransactionID
    java.lang.String personalIDCode -> personalIDCode
    java.lang.String posData -> posData
    java.lang.String processorResponse -> processorResponse
    java.lang.String processorTransactionID -> processorTransactionID
    java.lang.String reasonCode -> reasonCode
    java.lang.String reconciliationID -> reconciliationID
    java.lang.String referralResponseNumber -> referralResponseNumber
    java.lang.String requestAmount -> requestAmount
    java.lang.String requestCurrency -> requestCurrency
    java.lang.String transactionID -> transactionID
com.visa.inappsdk.connectors.inapp.responses.InAppCcEncryptedPaymentDataReply -> com.visa.inappsdk.connectors.inapp.responses.InAppCcEncryptedPaymentDataReply:
    java.lang.String data -> data
    java.lang.String reasonCode -> reasonCode
    java.lang.String requestDateTime -> requestDateTime
com.visa.inappsdk.connectors.inapp.responses.InAppIcsMessageReply -> com.visa.inappsdk.connectors.inapp.responses.InAppIcsMessageReply:
    java.lang.String icsRmsg -> icsRmsg
    java.lang.String icsReturnCode -> icsReturnCode
    java.lang.String icsRFlag -> icsRFlag
com.visa.inappsdk.connectors.inapp.responses.InAppPurchaseTotalsReply -> com.visa.inappsdk.connectors.inapp.responses.InAppPurchaseTotalsReply:
    java.lang.String currency -> currency
com.visa.inappsdk.connectors.inapp.responses.InAppReponseFields -> com.visa.inappsdk.connectors.inapp.responses.InAppReponseFields:
    java.lang.String REPLY_MESSAGE -> REPLY_MESSAGE
    java.lang.String NVP_REPLY -> NVP_REPLY
    java.lang.String REPLY_ERROR -> REPLY_ERROR
    java.lang.String ERROR_REPLY_FAULT_CODE -> ERROR_REPLY_FAULT_CODE
    java.lang.String ERROR_REPLY_FAULT_STRING -> ERROR_REPLY_FAULT_STRING
    java.lang.String ERROR_CODE_INVALID_TOKEN -> ERROR_CODE_INVALID_TOKEN
    java.lang.String ADDITIONAL_DATA -> ADDITIONAL_DATA
    java.lang.String DECISION -> DECISION
    java.lang.String INVALID_FIELD -> INVALID_FIELD
    java.lang.String MERCHANT_REFERENCE_CODE -> MERCHANT_REFERENCE_CODE
    java.lang.String MISSING_FIELD -> MISSING_FIELD
    java.lang.String REASON_CODE -> REASON_CODE
    java.lang.String RECEIPT_NUMBER -> RECEIPT_NUMBER
    java.lang.String REQUEST_ID -> REQUEST_ID
    java.lang.String REQUEST_TOKEN -> REQUEST_TOKEN
    java.lang.String ICS_MESSAGE -> ICS_MESSAGE
    java.lang.String ICS_RMSG -> ICS_RMSG
    java.lang.String ICS_RETURN_CODE -> ICS_RETURN_CODE
    java.lang.String ICS_RFLAG -> ICS_RFLAG
    java.lang.String PURCHASE_TOTALS -> PURCHASE_TOTALS
    java.lang.String PURCHASE_TOTALS_CURRENCY -> PURCHASE_TOTALS_CURRENCY
    java.lang.String EMV_REPLAY -> EMV_REPLAY
    java.lang.String EMV_REPLAY_COMBINED_TAGS -> EMV_REPLAY_COMBINED_TAGS
    java.lang.String CC_AUTH_REPLAY -> CC_AUTH_REPLAY
    java.lang.String CC_AUTH_REPLAY_ACCOUNT_BALANCE -> CC_AUTH_REPLAY_ACCOUNT_BALANCE
    java.lang.String CC_AUTH_REPLAY_ACCOUNT_BALANCE_CURRENCY -> CC_AUTH_REPLAY_ACCOUNT_BALANCE_CURRENCY
    java.lang.String CC_AUTH_REPLAY_ACCOUNT_BALANCE_SIGN -> CC_AUTH_REPLAY_ACCOUNT_BALANCE_SIGN
    java.lang.String CC_AUTH_REPLAY_AFFLUENCE_INDICATOR -> CC_AUTH_REPLAY_AFFLUENCE_INDICATOR
    java.lang.String CC_AUTH_REPLAY_AMOUNT -> CC_AUTH_REPLAY_AMOUNT
    java.lang.String CC_AUTH_REPLAY_AUTHORIZATION_CODE -> CC_AUTH_REPLAY_AUTHORIZATION_CODE
    java.lang.String CC_AUTH_REPLAY_AUTHORIZED_DATE_TIME -> CC_AUTH_REPLAY_AUTHORIZED_DATE_TIME
    java.lang.String CC_AUTH_REPLAY_AVS_CODE -> CC_AUTH_REPLAY_AVS_CODE
    java.lang.String CC_AUTH_REPLAY_AVS_CODE_RAW -> CC_AUTH_REPLAY_AVS_CODE_RAW
    java.lang.String CC_AUTH_REPLAY_CARD_CATEGORY -> CC_AUTH_REPLAY_CARD_CATEGORY
    java.lang.String CC_AUTH_REPLAY_CARD_COMMERCIAL -> CC_AUTH_REPLAY_CARD_COMMERCIAL
    java.lang.String CC_AUTH_REPLAY_CARD_GROUP -> CC_AUTH_REPLAY_CARD_GROUP
    java.lang.String CC_AUTH_REPLAY_CARD_HEALTHCARE -> CC_AUTH_REPLAY_CARD_HEALTHCARE
    java.lang.String CC_AUTH_REPLAY_CARD_ISSUER_COUNTRY -> CC_AUTH_REPLAY_CARD_ISSUER_COUNTRY
    java.lang.String CC_AUTH_REPLAY_CARD_LEVEL_3_ELIGIBLE -> CC_AUTH_REPLAY_CARD_LEVEL_3_ELIGIBLE
    java.lang.String CC_AUTH_REPLAY_CARD_PAYROLL -> CC_AUTH_REPLAY_CARD_PAYROLL
    java.lang.String CC_AUTH_REPLAY_CARD_PINLESS_DEBIT -> CC_AUTH_REPLAY_CARD_PINLESS_DEBIT
    java.lang.String CC_AUTH_REPLAY_CARD_PREPAID -> CC_AUTH_REPLAY_CARD_PREPAID
    java.lang.String CC_AUTH_REPLAY_CARD_REGULATED -> CC_AUTH_REPLAY_CARD_REGULATED
    java.lang.String CC_AUTH_REPLAY_CARD_SIGNATURE_DEBIT -> CC_AUTH_REPLAY_CARD_SIGNATURE_DEBIT
    java.lang.String CC_AUTH_REPLAY_CAVV_RESPONSE_CODE -> CC_AUTH_REPLAY_CAVV_RESPONSE_CODE
    java.lang.String CC_AUTH_REPLAY_CAVV_RESPONSE_CODE_RAW -> CC_AUTH_REPLAY_CAVV_RESPONSE_CODE_RAW
    java.lang.String CC_AUTH_REPLAY_CV_CODE -> CC_AUTH_REPLAY_CV_CODE
    java.lang.String CC_AUTH_REPLAY_CV_CODE_RAW -> CC_AUTH_REPLAY_CV_CODE_RAW
    java.lang.String CC_AUTH_REPLAY_EV_EMAIL -> CC_AUTH_REPLAY_EV_EMAIL
    java.lang.String CC_AUTH_REPLAY_EV_EMAIL_RAW -> CC_AUTH_REPLAY_EV_EMAIL_RAW
    java.lang.String CC_AUTH_REPLAY_EV_NAME -> CC_AUTH_REPLAY_EV_NAME
    java.lang.String CC_AUTH_REPLAY_EV_NAME_RAW -> CC_AUTH_REPLAY_EV_NAME_RAW
    java.lang.String CC_AUTH_REPLAY_EV_PHONE_NUMBER -> CC_AUTH_REPLAY_EV_PHONE_NUMBER
    java.lang.String CC_AUTH_REPLAY_EV_PHONE_NUMBER_RAW -> CC_AUTH_REPLAY_EV_PHONE_NUMBER_RAW
    java.lang.String CC_AUTH_REPLAY_EV_POSTAL_CODE -> CC_AUTH_REPLAY_EV_POSTAL_CODE
    java.lang.String CC_AUTH_REPLAY_EV_POSTAL_CODE_RAW -> CC_AUTH_REPLAY_EV_POSTAL_CODE_RAW
    java.lang.String CC_AUTH_REPLAY_EV_STREET -> CC_AUTH_REPLAY_EV_STREET
    java.lang.String CC_AUTH_REPLAY_EV_STREET_RAW -> CC_AUTH_REPLAY_EV_STREET_RAW
    java.lang.String CC_AUTH_REPLAY_FORWARD_CODE -> CC_AUTH_REPLAY_FORWARD_CODE
    java.lang.String CC_AUTH_REPLAY_MERCHANT_ADVICE_CODE -> CC_AUTH_REPLAY_MERCHANT_ADVICE_CODE
    java.lang.String CC_AUTH_REPLAY_MERCHANT_ADVICE_CODE_RAW -> CC_AUTH_REPLAY_MERCHANT_ADVICE_CODE_RAW
    java.lang.String CC_AUTH_REPLAY_OWNER_MERCHANT_ID -> CC_AUTH_REPLAY_OWNER_MERCHANT_ID
    java.lang.String CC_AUTH_REPLAY_PAYMENT_NETWORK_TRANSACTION_ID -> CC_AUTH_REPLAY_PAYMENT_NETWORK_TRANSACTION_ID
    java.lang.String CC_AUTH_REPLAY_PERSONAL_ID_CODE -> CC_AUTH_REPLAY_PERSONAL_ID_CODE
    java.lang.String CC_AUTH_REPLAY_POS_DATE -> CC_AUTH_REPLAY_POS_DATE
    java.lang.String CC_AUTH_REPLAY_PROCESSOR_RESPONSE -> CC_AUTH_REPLAY_PROCESSOR_RESPONSE
    java.lang.String CC_AUTH_REPLAY_PROCESSOR_TRANSACTION_ID -> CC_AUTH_REPLAY_PROCESSOR_TRANSACTION_ID
    java.lang.String CC_AUTH_REPLAY_REASON_CODE -> CC_AUTH_REPLAY_REASON_CODE
    java.lang.String CC_AUTH_REPLAY_RECONCILATION_ID -> CC_AUTH_REPLAY_RECONCILATION_ID
    java.lang.String CC_AUTH_REPLAY_REFERRAL_RESPONSE_NUMBER -> CC_AUTH_REPLAY_REFERRAL_RESPONSE_NUMBER
    java.lang.String CC_AUTH_REPLAY_REQUEST_AMOUNT -> CC_AUTH_REPLAY_REQUEST_AMOUNT
    java.lang.String CC_AUTH_REPLAY_REQUEST_CURRENCY -> CC_AUTH_REPLAY_REQUEST_CURRENCY
    java.lang.String CC_AUTH_REPLAY_TRANSACTION_ID -> CC_AUTH_REPLAY_TRANSACTION_ID
    java.lang.String NVP_DECISION -> NVP_DECISION
    java.lang.String NVP_REASON_CODE -> NVP_REASON_CODE
    java.lang.String NVP_REQUEST_ID -> NVP_REQUEST_ID
    java.lang.String NVP_REQUEST_TOKEN -> NVP_REQUEST_TOKEN
    java.lang.String NVP_MERCHANT_REFERENCE_CODE -> NVP_MERCHANT_REFERENCE_CODE
    java.lang.String C_ENCRYPTED_PAYMENT_REPLY -> C_ENCRYPTED_PAYMENT_REPLY
    java.lang.String C_ENCRYPTED_PAYMENT_REPLY_DATA -> C_ENCRYPTED_PAYMENT_REPLY_DATA
    java.lang.String C_ENCRYPTION_REPLY -> C_ENCRYPTION_REPLY
    java.lang.String C_ENCRYPTION_REPLY_REASON_CODE -> C_ENCRYPTION_REPLY_REASON_CODE
    java.lang.String C_ENCRYPTION_REPLY_REQUESTED_DATE_TIME -> C_ENCRYPTION_REPLY_REQUESTED_DATE_TIME
    java.lang.String TIME_STAMP -> TIME_STAMP
    java.lang.String CREATED -> CREATED
com.visa.inappsdk.connectors.inapp.responses.InAppResponseObject -> com.visa.inappsdk.connectors.inapp.responses.InAppResponseObject:
    java.lang.String additionalData -> additionalData
    com.visa.inappsdk.datamodel.response.SDKResponseDecision decision -> decision
    java.lang.String invalidField -> invalidField
    java.lang.String merchantReferenceCode -> merchantReferenceCode
    java.lang.String missingField -> missingField
    java.lang.String reasonCode -> reasonCode
    java.lang.String timestampCreated -> timestampCreated
    java.lang.String receiptNumber -> receiptNumber
    java.lang.String requestID -> requestID
    java.lang.String requestToken -> requestToken
    com.visa.inappsdk.connectors.inapp.responses.InAppIcsMessageReply icsMessage -> icsMessage
    java.util.HashMap nvpMap -> nvpMap
    com.visa.inappsdk.connectors.inapp.responses.InAppCcAuthReply ccAuthReply -> ccAuthReply
    com.visa.inappsdk.connectors.inapp.responses.InAppCcEncryptedPaymentDataReply ccEncryptedPaymentReply -> ccEncryptedPaymentReply
    com.visa.inappsdk.connectors.inapp.responses.InAppPurchaseTotalsReply purchaseTotals -> purchaseTotals
    com.visa.inappsdk.datamodel.response.SDKGatewayResponseType type -> type
    89:121:com.visa.inappsdk.connectors.inapp.responses.InAppResponseObject createNVPResponse(java.io.InputStream,com.visa.inappsdk.datamodel.response.SDKGatewayResponseType) -> createNVPResponse
    132:140:java.util.HashMap parseNVPResponseString(java.lang.String) -> a
    206:241:com.visa.inappsdk.connectors.inapp.responses.InAppResponseObject createEncryptionResponse(java.io.InputStream,com.visa.inappsdk.datamodel.response.SDKGatewayResponseType) -> createEncryptionResponse
    247:272:com.visa.inappsdk.common.error.SDKError createErrorResponse(java.io.InputStream) -> createErrorResponse
    276:288:void setDefaultFields(com.visa.inappsdk.connectors.inapp.responses.InAppResponseObject,org.w3c.dom.Element) -> a
    291:302:void setNVPDefaultFields(com.visa.inappsdk.connectors.inapp.responses.InAppResponseObject,java.util.HashMap) -> a
    306:319:com.visa.inappsdk.datamodel.response.SDKResponseDecision getDecisionType(java.lang.String) -> b
    331:337:com.visa.inappsdk.connectors.inapp.responses.InAppIcsMessageReply getICSMessageReply(org.w3c.dom.Element) -> a
    400:415:com.visa.inappsdk.connectors.inapp.responses.InAppCcEncryptedPaymentDataReply getEncryptedPaymentReply(org.w3c.dom.Element) -> b
    444:454:com.visa.inappsdk.datamodel.response.SDKGatewayResponse convertToGatewayResponse() -> convertToGatewayResponse
    464:472:com.visa.inappsdk.datamodel.response.SDKGatewayResponse convertNVPToGatewayResponse(com.visa.inappsdk.connectors.inapp.responses.InAppResponseObject) -> convertNVPToGatewayResponse
    478:487:org.w3c.dom.Document parseResponse(java.io.InputStream) -> a
    491:500:java.lang.String getValue(org.w3c.dom.Element,java.lang.String) -> a
    506:515:java.lang.String getElementValue(org.w3c.dom.Node) -> a
com.visa.inappsdk.connectors.inapp.services.InAppBaseService -> com.visa.inappsdk.connectors.inapp.services.InAppBaseService:
    void updateEnvelope(com.visa.inappsdk.soap.model.SDKXMLParentNode) -> updateEnvelope
com.visa.inappsdk.connectors.inapp.services.InAppEncryptPaymentDataService -> com.visa.inappsdk.connectors.inapp.services.InAppEncryptPaymentDataService:
    java.lang.String OBJECT_NAME -> OBJECT_NAME
    java.lang.String RUN -> RUN
    java.lang.String COMMERCE_INDICATOR -> COMMERCE_INDICATOR
    java.lang.String BILL_PAYMENT -> BILL_PAYMENT
    java.lang.String run -> run
    java.lang.String commerceIndicator -> a
    32:41:void updateEnvelope(com.visa.inappsdk.soap.model.SDKXMLParentNode) -> updateEnvelope
    44:47:boolean validateObject() -> a
com.visa.inappsdk.connectors.inapp.transaction.InAppEncryptionTransactionObject -> com.visa.inappsdk.connectors.inapp.transaction.InAppEncryptionTransactionObject:
    com.visa.inappsdk.connectors.inapp.datamodel.InAppPurchaseTotals purchaseTotals -> purchaseTotals
    com.visa.inappsdk.connectors.inapp.datamodel.InAppCard card -> card
    java.lang.String clientLibrary -> clientLibrary
    com.visa.inappsdk.connectors.inapp.services.InAppEncryptPaymentDataService encryptPaymentDataService -> encryptPaymentDataService
    java.lang.String LINK_TO_REQUEST -> a
    java.lang.String CLIENT_LIBRARY -> b
    java.lang.String PAYMENT_SOLUTION -> PAYMENT_SOLUTION
    59:81:void updateEnvelope(com.visa.inappsdk.soap.model.SDKXMLParentNode) -> updateEnvelope
com.visa.inappsdk.connectors.inapp.transaction.InAppTransactionObject -> com.visa.inappsdk.connectors.inapp.transaction.InAppTransactionObject:
    java.lang.String MERCHANT_ID -> MERCHANT_ID
    java.lang.String MERCHANT_REFERENCE_CODE -> MERCHANT_REFERENCE_CODE
    java.lang.String merchantID -> merchantID
    java.lang.String merchantReferenceCode -> merchantReferenceCode
    void updateEnvelope(com.visa.inappsdk.soap.model.SDKXMLParentNode) -> updateEnvelope
    33:33:void updateEnvelope(com.visa.inappsdk.soap.model.SDKXMLParentNode,java.util.HashMap) -> updateEnvelope
    36:42:void createMerchantData(com.visa.inappsdk.soap.model.SDKXMLParentNode) -> createMerchantData
com.visa.inappsdk.datamodel.SDKGateway -> com.visa.inappsdk.datamodel.SDKGateway:
    com.visa.inappsdk.datamodel.SDKGateway gateway -> a
    23:23:com.visa.inappsdk.datamodel.SDKGateway getGateway() -> getGateway
    32:33:void setGateway(com.visa.inappsdk.datamodel.SDKGateway) -> setGateway
    boolean performEncryption(com.visa.inappsdk.datamodel.transaction.SDKTransactionObject,com.visa.inappsdk.datamodel.transaction.callbacks.SDKConnectionCallback) -> performEncryption
    49:50:void dispose() -> dispose
com.visa.inappsdk.datamodel.SDKGatewayErrorMapping -> com.visa.inappsdk.datamodel.SDKGatewayErrorMapping:
    15:30:com.visa.inappsdk.common.error.SDKGatewayError getGatewayError(java.lang.String) -> getGatewayError
com.visa.inappsdk.datamodel.response.SDKGatewayResponse -> com.visa.inappsdk.datamodel.response.SDKGatewayResponse:
    com.visa.inappsdk.datamodel.response.SDKResponseDecision decision -> a
    com.visa.inappsdk.datamodel.response.SDKResponseReasonCode reasonCode -> b
    java.lang.String requestId -> c
    java.lang.String requestToken -> d
    com.visa.inappsdk.datamodel.response.SDKGatewayResponseType type -> e
    java.math.BigDecimal authorizedAmount -> f
    java.math.BigDecimal refundedAmount -> g
    java.lang.String authorizationCode -> h
    java.lang.String date -> i
    java.lang.String time -> j
    java.lang.String emvTags -> k
    java.lang.String encryptedPaymentData -> l
    android.os.Parcelable$Creator CREATOR -> CREATOR
    47:47:com.visa.inappsdk.datamodel.response.SDKGatewayResponseType getType() -> getType
    51:51:java.lang.String getAuthorizationCode() -> getAuthorizationCode
    55:55:java.math.BigDecimal getAuthorizedAmount() -> getAuthorizedAmount
    59:59:java.lang.String getDate() -> getDate
    63:63:com.visa.inappsdk.datamodel.response.SDKResponseDecision getDecision() -> getDecision
    67:67:java.lang.String getEmvTags() -> getEmvTags
    75:75:com.visa.inappsdk.datamodel.response.SDKResponseReasonCode getReasonCode() -> getReasonCode
    79:79:java.math.BigDecimal getRefundedAmount() -> getRefundedAmount
    83:83:java.lang.String getRequestId() -> getRequestId
    87:87:java.lang.String getRequestToken() -> getRequestToken
    91:91:java.lang.String getEncryptedPaymentData() -> getEncryptedPaymentData
    95:95:java.lang.String getTime() -> getTime
    100:100:java.lang.Object clone() -> clone
    127:127:int describeContents() -> describeContents
    132:144:void writeToParcel(android.os.Parcel,int) -> writeToParcel
com.visa.inappsdk.datamodel.response.SDKGatewayResponse$1 -> com.visa.inappsdk.datamodel.response.SDKGatewayResponse$1:
    150:150:com.visa.inappsdk.datamodel.response.SDKGatewayResponse createFromParcel(android.os.Parcel) -> a
    155:155:com.visa.inappsdk.datamodel.response.SDKGatewayResponse[] newArray(int) -> a
    146:146:java.lang.Object[] newArray(int) -> newArray
    146:146:java.lang.Object createFromParcel(android.os.Parcel) -> createFromParcel
com.visa.inappsdk.datamodel.response.SDKGatewayResponse$Builder -> com.visa.inappsdk.datamodel.response.SDKGatewayResponse$Builder:
    com.visa.inappsdk.datamodel.response.SDKGatewayResponseType type -> a
    com.visa.inappsdk.datamodel.response.SDKResponseReasonCode reasonCode -> b
    java.lang.String requestId -> c
    java.lang.String requestToken -> d
    com.visa.inappsdk.datamodel.response.SDKResponseDecision decision -> e
    java.math.BigDecimal authorizedAmount -> f
    java.math.BigDecimal refundedAmount -> g
    java.lang.String authorizationCode -> h
    java.lang.String date -> i
    java.lang.String time -> j
    java.lang.String emvTags -> k
    java.lang.String encryptedPaymentData -> l
    java.util.HashMap nvpMap -> m
    225:226:com.visa.inappsdk.datamodel.response.SDKGatewayResponse$Builder setTime(java.lang.String) -> setTime
    230:231:com.visa.inappsdk.datamodel.response.SDKGatewayResponse$Builder setAuthorizationCode(java.lang.String) -> setAuthorizationCode
    235:236:com.visa.inappsdk.datamodel.response.SDKGatewayResponse$Builder setAuthorizedAmount(java.math.BigDecimal) -> setAuthorizedAmount
    240:241:com.visa.inappsdk.datamodel.response.SDKGatewayResponse$Builder setDate(java.lang.String) -> setDate
    245:246:com.visa.inappsdk.datamodel.response.SDKGatewayResponse$Builder setDecision(com.visa.inappsdk.datamodel.response.SDKResponseDecision) -> setDecision
    250:251:com.visa.inappsdk.datamodel.response.SDKGatewayResponse$Builder setEmvTags(java.lang.String) -> setEmvTags
    255:256:com.visa.inappsdk.datamodel.response.SDKGatewayResponse$Builder setEncryptedPaymentData(java.lang.String) -> setEncryptedPaymentData
    260:261:com.visa.inappsdk.datamodel.response.SDKGatewayResponse$Builder setNvpMap(java.util.HashMap) -> setNvpMap
    265:266:com.visa.inappsdk.datamodel.response.SDKGatewayResponse$Builder setRefundedAmount(java.math.BigDecimal) -> setRefundedAmount
    270:270:com.visa.inappsdk.datamodel.response.SDKGatewayResponse build() -> build
    202:202:com.visa.inappsdk.datamodel.response.SDKResponseDecision access$000(com.visa.inappsdk.datamodel.response.SDKGatewayResponse$Builder) -> a
    202:202:com.visa.inappsdk.datamodel.response.SDKResponseReasonCode access$100(com.visa.inappsdk.datamodel.response.SDKGatewayResponse$Builder) -> b
    202:202:java.lang.String access$200(com.visa.inappsdk.datamodel.response.SDKGatewayResponse$Builder) -> c
    202:202:java.lang.String access$300(com.visa.inappsdk.datamodel.response.SDKGatewayResponse$Builder) -> d
    202:202:com.visa.inappsdk.datamodel.response.SDKGatewayResponseType access$400(com.visa.inappsdk.datamodel.response.SDKGatewayResponse$Builder) -> e
    202:202:java.math.BigDecimal access$500(com.visa.inappsdk.datamodel.response.SDKGatewayResponse$Builder) -> f
    202:202:java.math.BigDecimal access$600(com.visa.inappsdk.datamodel.response.SDKGatewayResponse$Builder) -> g
    202:202:java.lang.String access$700(com.visa.inappsdk.datamodel.response.SDKGatewayResponse$Builder) -> h
    202:202:java.lang.String access$800(com.visa.inappsdk.datamodel.response.SDKGatewayResponse$Builder) -> i
    202:202:java.lang.String access$900(com.visa.inappsdk.datamodel.response.SDKGatewayResponse$Builder) -> j
    202:202:java.lang.String access$1000(com.visa.inappsdk.datamodel.response.SDKGatewayResponse$Builder) -> k
    202:202:java.lang.String access$1100(com.visa.inappsdk.datamodel.response.SDKGatewayResponse$Builder) -> l
com.visa.inappsdk.datamodel.response.SDKGatewayResponseType -> com.visa.inappsdk.datamodel.response.SDKGatewayResponseType:
    com.visa.inappsdk.datamodel.response.SDKGatewayResponseType SDK_ENCRYPTION -> SDK_ENCRYPTION
    com.visa.inappsdk.datamodel.response.SDKGatewayResponseType SDK_ANDROID_PAY_TRANSACTION -> SDK_ANDROID_PAY_TRANSACTION
    com.visa.inappsdk.datamodel.response.SDKGatewayResponseType SDK_NVP_TRANSACTION -> SDK_NVP_TRANSACTION
    com.visa.inappsdk.datamodel.response.SDKGatewayResponseType[] $VALUES -> a
    8:8:com.visa.inappsdk.datamodel.response.SDKGatewayResponseType[] values() -> values
    8:8:com.visa.inappsdk.datamodel.response.SDKGatewayResponseType valueOf(java.lang.String) -> valueOf
com.visa.inappsdk.datamodel.response.SDKResponseDecision -> com.visa.inappsdk.datamodel.response.SDKResponseDecision:
    com.visa.inappsdk.datamodel.response.SDKResponseDecision SDK_ACCEPT -> SDK_ACCEPT
    com.visa.inappsdk.datamodel.response.SDKResponseDecision SDK_ERROR -> SDK_ERROR
    com.visa.inappsdk.datamodel.response.SDKResponseDecision SDK_REJECT -> SDK_REJECT
    com.visa.inappsdk.datamodel.response.SDKResponseDecision SDK_REVIEW -> SDK_REVIEW
    com.visa.inappsdk.datamodel.response.SDKResponseDecision SDK_UNKNOWN -> SDK_UNKNOWN
    com.visa.inappsdk.datamodel.response.SDKResponseDecision[] $VALUES -> a
    8:8:com.visa.inappsdk.datamodel.response.SDKResponseDecision[] values() -> values
    8:8:com.visa.inappsdk.datamodel.response.SDKResponseDecision valueOf(java.lang.String) -> valueOf
com.visa.inappsdk.datamodel.response.SDKResponseReasonCode -> com.visa.inappsdk.datamodel.response.SDKResponseReasonCode:
    com.visa.inappsdk.datamodel.response.SDKResponseReasonCode SDK_RESPONSE_REASON_CODE_SUCCESSFUL_TRANSACTION -> SDK_RESPONSE_REASON_CODE_SUCCESSFUL_TRANSACTION
    com.visa.inappsdk.datamodel.response.SDKResponseReasonCode SDK_RESPONSE_REASON_CODE_ONE_OR_MORE_FIELDS_MISSING -> SDK_RESPONSE_REASON_CODE_ONE_OR_MORE_FIELDS_MISSING
    com.visa.inappsdk.datamodel.response.SDKResponseReasonCode SDK_RESPONSE_REASON_CODE_ONE_OR_MORE_FIELDS_INVALID -> SDK_RESPONSE_REASON_CODE_ONE_OR_MORE_FIELDS_INVALID
    com.visa.inappsdk.datamodel.response.SDKResponseReasonCode SDK_RESPONSE_REASON_CODE_PARTIAL_TRANSACTION -> SDK_RESPONSE_REASON_CODE_PARTIAL_TRANSACTION
    com.visa.inappsdk.datamodel.response.SDKResponseReasonCode SDK_RESPONSE_REASON_CODE_GENERAL_SYSTEM_FAILURE -> SDK_RESPONSE_REASON_CODE_GENERAL_SYSTEM_FAILURE
    com.visa.inappsdk.datamodel.response.SDKResponseReasonCode SDK_RESPONSE_REASON_CODE_APPROVED_BUT_DECLINED_BECAUSE_AVS -> SDK_RESPONSE_REASON_CODE_APPROVED_BUT_DECLINED_BECAUSE_AVS
    com.visa.inappsdk.datamodel.response.SDKResponseReasonCode SDK_RESPONSE_REASON_CODE_DECLINED_QUESTIONS -> SDK_RESPONSE_REASON_CODE_DECLINED_QUESTIONS
    com.visa.inappsdk.datamodel.response.SDKResponseReasonCode SDK_RESPONSE_REASON_CODE_DECLINED_EXPIRED_CARD -> SDK_RESPONSE_REASON_CODE_DECLINED_EXPIRED_CARD
    com.visa.inappsdk.datamodel.response.SDKResponseReasonCode SDK_RESPONSE_REASON_CODE_DECLINED_GENERAL_DECLINE -> SDK_RESPONSE_REASON_CODE_DECLINED_GENERAL_DECLINE
    com.visa.inappsdk.datamodel.response.SDKResponseReasonCode SDK_RESPONSE_REASON_CODE_DECLINED_INSUFICCIENT_FUNDS -> SDK_RESPONSE_REASON_CODE_DECLINED_INSUFICCIENT_FUNDS
    com.visa.inappsdk.datamodel.response.SDKResponseReasonCode SDK_RESPONSE_REASON_CODE_DECLINED_STOLEN_OR_LOST_CARD -> SDK_RESPONSE_REASON_CODE_DECLINED_STOLEN_OR_LOST_CARD
    com.visa.inappsdk.datamodel.response.SDKResponseReasonCode SDK_RESPONSE_REASON_CODE_DECLINED_ISSUING_BANK_UNAVAILABLE -> SDK_RESPONSE_REASON_CODE_DECLINED_ISSUING_BANK_UNAVAILABLE
    com.visa.inappsdk.datamodel.response.SDKResponseReasonCode SDK_RESPONSE_REASON_CODE_DECLINED_INACTIVE_CARD -> SDK_RESPONSE_REASON_CODE_DECLINED_INACTIVE_CARD
    com.visa.inappsdk.datamodel.response.SDKResponseReasonCode SDK_RESPONSE_REASON_CODE_DECLINED_CVN_DID_NOT_MATCH -> SDK_RESPONSE_REASON_CODE_DECLINED_CVN_DID_NOT_MATCH
    com.visa.inappsdk.datamodel.response.SDKResponseReasonCode SDK_RESPONSE_REASON_CODE_DECLINED_CARD_CREDIT_LIMIT_REACHED -> SDK_RESPONSE_REASON_CODE_DECLINED_CARD_CREDIT_LIMIT_REACHED
    com.visa.inappsdk.datamodel.response.SDKResponseReasonCode SDK_RESPONSE_REASON_CODE_DECLINED_INVALID_CVN -> SDK_RESPONSE_REASON_CODE_DECLINED_INVALID_CVN
    com.visa.inappsdk.datamodel.response.SDKResponseReasonCode SDK_RESPONSE_REASON_CODE_UNKNOWN -> SDK_RESPONSE_REASON_CODE_UNKNOWN
    int reasonCode -> a
    java.lang.String reasonCodeDescription -> b
    java.lang.String shortDisplayableName -> c
    com.visa.inappsdk.datamodel.response.SDKResponseReasonCode[] $VALUES -> d
    10:10:com.visa.inappsdk.datamodel.response.SDKResponseReasonCode[] values() -> values
    10:10:com.visa.inappsdk.datamodel.response.SDKResponseReasonCode valueOf(java.lang.String) -> valueOf
    49:83:com.visa.inappsdk.datamodel.response.SDKResponseReasonCode getResponseReasonCodeByValue(int) -> getResponseReasonCodeByValue
    96:105:com.visa.inappsdk.datamodel.response.SDKResponseReasonCode getResponseReasonCodeByValueMapping(java.lang.String) -> getResponseReasonCodeByValueMapping
    116:116:int getReasonCode() -> getReasonCode
    126:126:java.lang.String getDescription() -> getDescription
    136:136:java.lang.String getShortDisplayableName() -> getShortDisplayableName
    140:141:void setReasonCode(int) -> a
com.visa.inappsdk.datamodel.transaction.SDKEncryptTransactionObject -> com.visa.inappsdk.datamodel.transaction.SDKEncryptTransactionObject:
com.visa.inappsdk.datamodel.transaction.SDKEncryptTransactionObject$1 -> com.visa.inappsdk.datamodel.transaction.SDKEncryptTransactionObject$1:
com.visa.inappsdk.datamodel.transaction.SDKEncryptTransactionObject$Builder -> com.visa.inappsdk.datamodel.transaction.SDKEncryptTransactionObject$Builder:
    30:30:com.visa.inappsdk.datamodel.transaction.SDKEncryptTransactionObject build() -> build
com.visa.inappsdk.datamodel.transaction.SDKTransactionObject -> com.visa.inappsdk.datamodel.transaction.SDKTransactionObject:
    java.lang.String merchantReferenceCode -> merchantReferenceCode
    com.visa.inappsdk.datamodel.transaction.SDKTransactionType transactionType -> transactionType
    java.lang.String transactionTime -> transactionTime
    java.lang.String transactionDate -> transactionDate
    com.visa.inappsdk.datamodel.transaction.fields.SDKCardData cardData -> cardData
    47:47:java.lang.String getMerchantReferenceCode() -> getMerchantReferenceCode
    51:51:java.lang.String getTransactionTime() -> getTransactionTime
    55:55:java.lang.String getTransactionDate() -> getTransactionDate
    59:59:com.visa.inappsdk.datamodel.transaction.fields.SDKCardData getCardData() -> getCardData
    63:63:com.visa.inappsdk.datamodel.transaction.SDKTransactionType getTransactionType() -> getTransactionType
    74:88:com.visa.inappsdk.datamodel.transaction.SDKTransactionObject$Builder createTransactionObject(com.visa.inappsdk.datamodel.transaction.SDKTransactionType) -> createTransactionObject
com.visa.inappsdk.datamodel.transaction.SDKTransactionObject$1 -> com.visa.inappsdk.datamodel.transaction.SDKTransactionObject$1:
    int[] $SwitchMap$com$visa$inappsdk$datamodel$transaction$SDKTransactionType -> a
com.visa.inappsdk.datamodel.transaction.SDKTransactionObject$Builder -> com.visa.inappsdk.datamodel.transaction.SDKTransactionObject$Builder:
    java.lang.String merchantReferenceCode -> merchantReferenceCode
    com.visa.inappsdk.datamodel.transaction.SDKTransactionType transactionType -> transactionType
    java.lang.String transactionTime -> transactionTime
    java.lang.String transactionDate -> transactionDate
    com.visa.inappsdk.datamodel.transaction.fields.SDKCardData cardData -> cardData
    100:101:com.visa.inappsdk.datamodel.transaction.SDKTransactionObject$Builder setMerchantReferenceCode(java.lang.String) -> setMerchantReferenceCode
    105:106:com.visa.inappsdk.datamodel.transaction.SDKTransactionObject$Builder setCardData(com.visa.inappsdk.datamodel.transaction.fields.SDKCardData) -> setCardData
    110:111:com.visa.inappsdk.datamodel.transaction.SDKTransactionObject$Builder setTransactionDate(java.lang.String) -> setTransactionDate
    115:116:com.visa.inappsdk.datamodel.transaction.SDKTransactionObject$Builder setTransactionTime(java.lang.String) -> setTransactionTime
    com.visa.inappsdk.datamodel.transaction.SDKEncryptTransactionObject build() -> build
com.visa.inappsdk.datamodel.transaction.SDKTransactionType -> com.visa.inappsdk.datamodel.transaction.SDKTransactionType:
    com.visa.inappsdk.datamodel.transaction.SDKTransactionType SDK_TRANSACTION_ENCRYPTION -> SDK_TRANSACTION_ENCRYPTION
    com.visa.inappsdk.datamodel.transaction.SDKTransactionType[] $VALUES -> a
    14:14:com.visa.inappsdk.datamodel.transaction.SDKTransactionType[] values() -> values
    14:14:com.visa.inappsdk.datamodel.transaction.SDKTransactionType valueOf(java.lang.String) -> valueOf
com.visa.inappsdk.datamodel.transaction.callbacks.SDKConnectionCallback -> com.visa.inappsdk.datamodel.transaction.callbacks.SDKConnectionCallback:
    void onErrorReceived(com.visa.inappsdk.common.error.SDKError) -> onErrorReceived
    void onApiConnectionFinished(com.visa.inappsdk.datamodel.response.SDKGatewayResponse) -> onApiConnectionFinished
com.visa.inappsdk.datamodel.transaction.fields.SDKCardData -> com.visa.inappsdk.datamodel.transaction.fields.SDKCardData:
    java.lang.String cardNumber -> a
    java.lang.String expirationMonth -> b
    java.lang.String expirationYear -> c
    java.lang.String cvv -> d
    java.lang.String zip -> e
    com.visa.inappsdk.common.SDKCardBrandType cardBrandType -> f
    java.lang.String lastFourDigits -> g
    com.visa.inappsdk.datamodel.transaction.fields.SDKCardFundingType fundingType -> h
    com.visa.inappsdk.datamodel.transaction.fields.SDKCardTokenizationMethod tokenizationMethod -> i
    43:43:java.lang.String getCardNumber() -> getCardNumber
    47:47:java.lang.String getCardExpirationMonth() -> getCardExpirationMonth
    51:51:java.lang.String getCardExpirationYear() -> getCardExpirationYear
    55:55:java.lang.String getZip() -> getZip
    59:59:java.lang.String getCvv() -> getCvv
    63:63:com.visa.inappsdk.datamodel.transaction.fields.SDKCardTokenizationMethod getTokenizationMethod() -> getTokenizationMethod
    67:67:com.visa.inappsdk.common.SDKCardBrandType getCardBrandType() -> getCardBrandType
    71:71:com.visa.inappsdk.datamodel.transaction.fields.SDKCardFundingType getFundingType() -> getFundingType
    75:75:java.lang.String getLastFourDigits() -> getLastFourDigits
    84:95:int hashCode() -> hashCode
    104:166:boolean equals(java.lang.Object) -> equals
com.visa.inappsdk.datamodel.transaction.fields.SDKCardData$1 -> com.visa.inappsdk.datamodel.transaction.fields.SDKCardData$1:
com.visa.inappsdk.datamodel.transaction.fields.SDKCardData$Builder -> com.visa.inappsdk.datamodel.transaction.fields.SDKCardData$Builder:
    java.lang.String cardNumber -> a
    java.lang.String expirationMonth -> b
    java.lang.String expirationYear -> c
    java.lang.String cvv -> d
    java.lang.String zip -> e
    com.visa.inappsdk.common.SDKCardBrandType cardBrandType -> f
    java.lang.String lastFourDigits -> g
    com.visa.inappsdk.datamodel.transaction.fields.SDKCardFundingType fundingType -> h
    com.visa.inappsdk.datamodel.transaction.fields.SDKCardTokenizationMethod tokenizationMethod -> i
    198:199:com.visa.inappsdk.datamodel.transaction.fields.SDKCardData$Builder setCardBrandType(com.visa.inappsdk.common.SDKCardBrandType) -> setCardBrandType
    203:204:com.visa.inappsdk.datamodel.transaction.fields.SDKCardData$Builder setCardFundingType(com.visa.inappsdk.datamodel.transaction.fields.SDKCardFundingType) -> setCardFundingType
    208:209:com.visa.inappsdk.datamodel.transaction.fields.SDKCardData$Builder setCardTokenizationMethod(com.visa.inappsdk.datamodel.transaction.fields.SDKCardTokenizationMethod) -> setCardTokenizationMethod
    213:213:com.visa.inappsdk.datamodel.transaction.fields.SDKCardData build() -> build
    217:222:void setBrandAndLastFourDigits() -> a
    169:169:java.lang.String access$000(com.visa.inappsdk.datamodel.transaction.fields.SDKCardData$Builder) -> a
    169:169:java.lang.String access$100(com.visa.inappsdk.datamodel.transaction.fields.SDKCardData$Builder) -> b
    169:169:java.lang.String access$200(com.visa.inappsdk.datamodel.transaction.fields.SDKCardData$Builder) -> c
    169:169:java.lang.String access$300(com.visa.inappsdk.datamodel.transaction.fields.SDKCardData$Builder) -> d
    169:169:java.lang.String access$400(com.visa.inappsdk.datamodel.transaction.fields.SDKCardData$Builder) -> e
    169:169:com.visa.inappsdk.common.SDKCardBrandType access$500(com.visa.inappsdk.datamodel.transaction.fields.SDKCardData$Builder) -> f
    169:169:java.lang.String access$600(com.visa.inappsdk.datamodel.transaction.fields.SDKCardData$Builder) -> g
    169:169:com.visa.inappsdk.datamodel.transaction.fields.SDKCardFundingType access$700(com.visa.inappsdk.datamodel.transaction.fields.SDKCardData$Builder) -> h
    169:169:com.visa.inappsdk.datamodel.transaction.fields.SDKCardTokenizationMethod access$800(com.visa.inappsdk.datamodel.transaction.fields.SDKCardData$Builder) -> i
com.visa.inappsdk.datamodel.transaction.fields.SDKCardFundingType -> com.visa.inappsdk.datamodel.transaction.fields.SDKCardFundingType:
    com.visa.inappsdk.datamodel.transaction.fields.SDKCardFundingType CREDIT -> CREDIT
    com.visa.inappsdk.datamodel.transaction.fields.SDKCardFundingType DEBIT -> DEBIT
    com.visa.inappsdk.datamodel.transaction.fields.SDKCardFundingType PREPAID -> PREPAID
    com.visa.inappsdk.datamodel.transaction.fields.SDKCardFundingType UNKNOWN -> UNKNOWN
    java.lang.String fundingType -> a
    com.visa.inappsdk.datamodel.transaction.fields.SDKCardFundingType[] $VALUES -> b
    14:14:com.visa.inappsdk.datamodel.transaction.fields.SDKCardFundingType[] values() -> values
    14:14:com.visa.inappsdk.datamodel.transaction.fields.SDKCardFundingType valueOf(java.lang.String) -> valueOf
    25:25:java.lang.String toString() -> toString
com.visa.inappsdk.datamodel.transaction.fields.SDKCardTokenizationMethod -> com.visa.inappsdk.datamodel.transaction.fields.SDKCardTokenizationMethod:
    com.visa.inappsdk.datamodel.transaction.fields.SDKCardTokenizationMethod ANDROID_PAY -> ANDROID_PAY
    java.lang.String tokenizationMethon -> a
    com.visa.inappsdk.datamodel.transaction.fields.SDKCardTokenizationMethod[] $VALUES -> b
    10:10:com.visa.inappsdk.datamodel.transaction.fields.SDKCardTokenizationMethod[] values() -> values
    10:10:com.visa.inappsdk.datamodel.transaction.fields.SDKCardTokenizationMethod valueOf(java.lang.String) -> valueOf
    21:21:java.lang.String toString() -> toString
com.visa.inappsdk.datamodel.transaction.fields.SDKPurchaseDetails -> com.visa.inappsdk.datamodel.transaction.fields.SDKPurchaseDetails:
    com.visa.inappsdk.common.SDKCurrency currency -> a
    java.math.BigDecimal tip -> b
    java.math.BigDecimal shippingAmount -> c
    java.lang.String commerceIndicator -> d
    33:33:java.math.BigDecimal getTipAmount() -> getTipAmount
    40:41:void setTipAmount(java.math.BigDecimal) -> setTipAmount
    47:47:com.visa.inappsdk.common.SDKCurrency getCurrency() -> getCurrency
    54:55:void setCurrency(com.visa.inappsdk.common.SDKCurrency) -> setCurrency
    61:61:java.math.BigDecimal getShippingAmount() -> getShippingAmount
    68:69:void setShippingAmount(java.math.BigDecimal) -> setShippingAmount
    116:116:java.lang.String getCommerceIndicator() -> getCommerceIndicator
com.visa.inappsdk.datamodel.transaction.fields.SDKPurchaseDetails$1 -> com.visa.inappsdk.datamodel.transaction.fields.SDKPurchaseDetails$1:
com.visa.inappsdk.datamodel.transaction.fields.SDKPurchaseDetails$Builder -> com.visa.inappsdk.datamodel.transaction.fields.SDKPurchaseDetails$Builder:
    com.visa.inappsdk.common.SDKCurrency currency -> a
    java.math.BigDecimal tip -> b
    java.math.BigDecimal shippingAmount -> c
    java.lang.String commerceIndicator -> d
    82:83:com.visa.inappsdk.datamodel.transaction.fields.SDKPurchaseDetails$Builder tip(java.math.BigDecimal) -> tip
    87:88:com.visa.inappsdk.datamodel.transaction.fields.SDKPurchaseDetails$Builder shippingAmount(java.math.BigDecimal) -> shippingAmount
    92:93:com.visa.inappsdk.datamodel.transaction.fields.SDKPurchaseDetails$Builder commerceIndicator(java.lang.String) -> commerceIndicator
    97:97:com.visa.inappsdk.datamodel.transaction.fields.SDKPurchaseDetails build() -> build
    71:71:com.visa.inappsdk.common.SDKCurrency access$000(com.visa.inappsdk.datamodel.transaction.fields.SDKPurchaseDetails$Builder) -> a
    71:71:java.math.BigDecimal access$100(com.visa.inappsdk.datamodel.transaction.fields.SDKPurchaseDetails$Builder) -> b
    71:71:java.lang.String access$200(com.visa.inappsdk.datamodel.transaction.fields.SDKPurchaseDetails$Builder) -> c
com.visa.inappsdk.soap.connection.SDKConnectionConstants -> com.visa.inappsdk.soap.connection.SDKConnectionConstants:
    java.lang.String BLANK_SOAP_ACTION -> BLANK_SOAP_ACTION
    int DEFAULT_HTTPS_PORT -> DEFAULT_HTTPS_PORT
    int DEFAULT_HTTP_PORT -> DEFAULT_HTTP_PORT
    java.lang.String HTTPS_NAME -> HTTPS_NAME
    java.lang.String HTTP_NAME -> HTTP_NAME
    java.lang.String XML_CONTENT_TYPE_PREFIX -> XML_CONTENT_TYPE_PREFIX
    java.lang.String CONTENT_TYPE_LABEL -> CONTENT_TYPE_LABEL
    java.lang.String CONTENT_TYPE_APPLICATION_JSON -> CONTENT_TYPE_APPLICATION_JSON
    java.lang.String HEADER_KEY_SOAP_ACTION -> HEADER_KEY_SOAP_ACTION
    int DEFAULT_CONN_TIMEOUT -> DEFAULT_CONN_TIMEOUT
    int DEFAULT_SOCKET_TIMEOUT -> DEFAULT_SOCKET_TIMEOUT
com.visa.inappsdk.soap.envelope.SDKBaseSoapEnvelope -> com.visa.inappsdk.soap.envelope.SDKBaseSoapEnvelope:
    java.lang.String HEADER_PREFIX -> HEADER_PREFIX
    com.visa.inappsdk.soap.model.SDKXMLParentNode header -> a
    com.visa.inappsdk.soap.model.SDKXMLParentNode body -> b
    com.visa.inappsdk.soap.model.SDKXMLParentNode envelopeNode -> c
    java.lang.String encoding -> d
    80:89:void prepareEnvelopeNode() -> a
    95:95:com.visa.inappsdk.soap.model.SDKXMLParentNode getHeader() -> getHeader
    102:102:com.visa.inappsdk.soap.model.SDKXMLParentNode getBody() -> getBody
    109:109:com.visa.inappsdk.soap.model.SDKXMLParentNode getEnvelopeNode() -> getEnvelopeNode
    118:119:void setEncoding(java.lang.String) -> setEncoding
    125:125:java.lang.String getEncoding() -> getEncoding
com.visa.inappsdk.soap.model.SDKXMLAttribute -> com.visa.inappsdk.soap.model.SDKXMLAttribute:
    java.lang.String value -> a
    33:33:java.lang.String getValue() -> getValue
com.visa.inappsdk.soap.model.SDKXMLBase -> com.visa.inappsdk.soap.model.SDKXMLBase:
    java.lang.String namespace -> namespace
    java.lang.String name -> name
    41:41:java.lang.String getNamespace() -> getNamespace
    50:51:void setNamespace(java.lang.String) -> setNamespace
    59:59:java.lang.String getName() -> getName
    68:69:void setName(java.lang.String) -> setName
com.visa.inappsdk.soap.model.SDKXMLNVPNode -> com.visa.inappsdk.soap.model.SDKXMLNVPNode:
com.visa.inappsdk.soap.model.SDKXMLNode -> com.visa.inappsdk.soap.model.SDKXMLNode:
    java.util.Set attributes -> a
    java.util.Map declaredPrefixes -> b
    43:43:java.util.Collection getAttributes() -> getAttributes
    54:56:void addAttribute(java.lang.String,java.lang.String,java.lang.String) -> addAttribute
    64:65:void addAttribute(com.visa.inappsdk.soap.model.SDKXMLAttribute) -> addAttribute
    74:75:void declarePrefix(java.lang.String,java.lang.String) -> declarePrefix
    82:82:java.util.Map getDeclaredPrefixes() -> getDeclaredPrefixes
com.visa.inappsdk.soap.model.SDKXMLParentNode -> com.visa.inappsdk.soap.model.SDKXMLParentNode:
    java.util.List subElements -> a
    34:34:java.util.List getChildNodes() -> getChildNodes
    45:47:com.visa.inappsdk.soap.model.SDKXMLParentNode addNode(java.lang.String,java.lang.String) -> addNode
    56:57:com.visa.inappsdk.soap.model.SDKXMLNode addNode(com.visa.inappsdk.soap.model.SDKXMLNode) -> addNode
    69:71:com.visa.inappsdk.soap.model.SDKXMLTextNode addTextNode(java.lang.String,java.lang.String,java.lang.String) -> addTextNode
com.visa.inappsdk.soap.model.SDKXMLTextNode -> com.visa.inappsdk.soap.model.SDKXMLTextNode:
    java.lang.String value -> a
    30:30:java.lang.String getValue() -> getValue
com.visa.inappsdk.soap.parser.SDKSoapParser -> com.visa.inappsdk.soap.parser.SDKSoapParser:
    java.lang.String EQUAL -> EQUAL
    java.lang.String NEW_LINE -> NEW_LINE
    java.util.Map prefixesNamespacesMapping -> a
    java.util.List declaredNamespacesWithoutPrefixes -> b
    59:74:java.lang.String parseEnvelope(com.visa.inappsdk.soap.envelope.SDKBaseSoapEnvelope) -> parseEnvelope
    85:116:void parseChildNodes(java.lang.StringBuilder,com.visa.inappsdk.soap.model.SDKXMLNode) -> a
    128:128:void parseNVPChileNodes(java.lang.StringBuilder,com.visa.inappsdk.soap.model.SDKXMLNVPNode) -> a
    136:144:void parsePrefixes(com.visa.inappsdk.soap.model.SDKXMLNode) -> a
    154:159:java.lang.String findPrefixForNamespace(java.lang.String) -> a
    170:179:void appendName(java.lang.StringBuilder,com.visa.inappsdk.soap.model.SDKXMLNode) -> b
    189:215:void appendAttributes(java.lang.StringBuilder,com.visa.inappsdk.soap.model.SDKXMLNode) -> c
    226:261:void appendNamespace(java.lang.StringBuilder,com.visa.inappsdk.soap.model.SDKXMLNode) -> d
